<?xml version="1.0" encoding="utf-8"?><testsuites><testsuite name="pytest" errors="0" failures="0" skipped="0" tests="18" time="0.663" timestamp="2025-07-02T19:22:00.797733-04:00" hostname="DESKTOP-ECIB08U"><testcase classname="tests.integration.test_integration.TestIntegracionCompleta" name="test_flujo_completo_producto" time="0.062" /><testcase classname="tests.integration.test_integration.TestIntegracionCompleta" name="test_gestion_stock_completa" time="0.043" /><testcase classname="tests.integration.test_integration.TestIntegracionCompleta" name="test_busqueda_productos" time="0.047" /><testcase classname="tests.unit.test_api_endpoints.TestHealthEndpoint" name="test_health_check" time="0.028" /><testcase classname="tests.unit.test_api_endpoints.TestProductosEndpoints" name="test_get_productos_vacio" time="0.029" /><testcase classname="tests.unit.test_api_endpoints.TestProductosEndpoints" name="test_crear_producto_valido" time="0.033" /><testcase classname="tests.unit.test_api_endpoints.TestProductosEndpoints" name="test_crear_producto_datos_invalidos" time="0.027" /><testcase classname="tests.unit.test_api_endpoints.TestProductosEndpoints" name="test_obtener_producto_por_id" time="0.032" /><testcase classname="tests.unit.test_api_endpoints.TestCategoriasEndpoints" name="test_get_categorias_vacio" time="0.029" /><testcase classname="tests.unit.test_api_endpoints.TestCategoriasEndpoints" name="test_crear_categoria_valida" time="0.034" /><testcase classname="tests.unit.test_api_endpoints.TestClientesEndpoints" name="test_crear_cliente_valido" time="0.037" /><testcase classname="tests.unit.test_models.TestProducto" name="test_crear_producto_valido" time="0.028" /><testcase classname="tests.unit.test_models.TestProducto" name="test_producto_to_dict" time="0.029" /><testcase classname="tests.unit.test_models.TestProducto" name="test_producto_precio_positivo" time="0.027" /><testcase classname="tests.unit.test_models.TestCategoria" name="test_crear_categoria_valida" time="0.025" /><testcase classname="tests.unit.test_models.TestCategoria" name="test_categoria_to_dict" time="0.024" /><testcase classname="tests.unit.test_models.TestCliente" name="test_crear_cliente_valido" time="0.024" /><testcase classname="tests.unit.test_models.TestCliente" name="test_cliente_to_dict" time="0.025" /></testsuite></testsuites>